// Jest Snapshot v1, https://goo.gl/fbAQLP

exports[`should render a day 1`] = `
<div>
  <label>
    <input
      onChange={[Function]}
      type="text"
      value=""
    />
  </label>
</div>
`;
